// Jest Snapshot v1, https://goo.gl/fbAQLP

exports[`Components processes data and creates chart configuration 1`] = `<div />`;
